Archive member included to satisfy reference by file (symbol)

C:/ST/STM32CubeCLT_1.19.0/GNU-tools-for-STM32/bin/../lib/gcc/arm-none-eabi/13.3.1/thumb/v7e-m+fp/hard\libgcc.a(_aeabi_uldivmod.o)
                              cmake/stm32cubemx/CMakeFiles/STM32_Drivers.dir/__/__/Drivers/STM32F4xx_HAL_Driver/Src/stm32f4xx_hal_uart.c.obj (__aeabi_uldivmod)
C:/ST/STM32CubeCLT_1.19.0/GNU-tools-for-STM32/bin/../lib/gcc/arm-none-eabi/13.3.1/thumb/v7e-m+fp/hard\libgcc.a(_udivmoddi4.o)
                              C:/ST/STM32CubeCLT_1.19.0/GNU-tools-for-STM32/bin/../lib/gcc/arm-none-eabi/13.3.1/thumb/v7e-m+fp/hard\libgcc.a(_aeabi_uldivmod.o) (__udivmoddi4)
C:/ST/STM32CubeCLT_1.19.0/GNU-tools-for-STM32/bin/../lib/gcc/arm-none-eabi/13.3.1/thumb/v7e-m+fp/hard\libgcc.a(_dvmd_tls.o)
                              C:/ST/STM32CubeCLT_1.19.0/GNU-tools-for-STM32/bin/../lib/gcc/arm-none-eabi/13.3.1/thumb/v7e-m+fp/hard\libgcc.a(_aeabi_uldivmod.o) (__aeabi_ldiv0)
C:/ST/STM32CubeCLT_1.19.0/GNU-tools-for-STM32/bin/../lib/gcc/arm-none-eabi/13.3.1/../../../../arm-none-eabi/lib/thumb/v7e-m+fp/hard\libg_nano.a(libc_a-exit.o)
                              C:/ST/STM32CubeCLT_1.19.0/GNU-tools-for-STM32/bin/../lib/gcc/arm-none-eabi/13.3.1/../../../../arm-none-eabi/lib/thumb/v7e-m+fp/hard/crt0.o (exit)
C:/ST/STM32CubeCLT_1.19.0/GNU-tools-for-STM32/bin/../lib/gcc/arm-none-eabi/13.3.1/../../../../arm-none-eabi/lib/thumb/v7e-m+fp/hard\libg_nano.a(libc_a-findfp.o)
                              C:/ST/STM32CubeCLT_1.19.0/GNU-tools-for-STM32/bin/../lib/gcc/arm-none-eabi/13.3.1/../../../../arm-none-eabi/lib/thumb/v7e-m+fp/hard\libg_nano.a(libc_a-exit.o) (__stdio_exit_handler)
C:/ST/STM32CubeCLT_1.19.0/GNU-tools-for-STM32/bin/../lib/gcc/arm-none-eabi/13.3.1/../../../../arm-none-eabi/lib/thumb/v7e-m+fp/hard\libg_nano.a(libc_a-fwalk.o)
                              C:/ST/STM32CubeCLT_1.19.0/GNU-tools-for-STM32/bin/../lib/gcc/arm-none-eabi/13.3.1/../../../../arm-none-eabi/lib/thumb/v7e-m+fp/hard\libg_nano.a(libc_a-findfp.o) (_fwalk_sglue)
C:/ST/STM32CubeCLT_1.19.0/GNU-tools-for-STM32/bin/../lib/gcc/arm-none-eabi/13.3.1/../../../../arm-none-eabi/lib/thumb/v7e-m+fp/hard\libg_nano.a(libc_a-stdio.o)
                              C:/ST/STM32CubeCLT_1.19.0/GNU-tools-for-STM32/bin/../lib/gcc/arm-none-eabi/13.3.1/../../../../arm-none-eabi/lib/thumb/v7e-m+fp/hard\libg_nano.a(libc_a-findfp.o) (__sread)
C:/ST/STM32CubeCLT_1.19.0/GNU-tools-for-STM32/bin/../lib/gcc/arm-none-eabi/13.3.1/../../../../arm-none-eabi/lib/thumb/v7e-m+fp/hard\libg_nano.a(libc_a-memset.o)
                              C:/ST/STM32CubeCLT_1.19.0/GNU-tools-for-STM32/bin/../lib/gcc/arm-none-eabi/13.3.1/../../../../arm-none-eabi/lib/thumb/v7e-m+fp/hard/crt0.o (memset)
C:/ST/STM32CubeCLT_1.19.0/GNU-tools-for-STM32/bin/../lib/gcc/arm-none-eabi/13.3.1/../../../../arm-none-eabi/lib/thumb/v7e-m+fp/hard\libg_nano.a(libc_a-closer.o)
                              C:/ST/STM32CubeCLT_1.19.0/GNU-tools-for-STM32/bin/../lib/gcc/arm-none-eabi/13.3.1/../../../../arm-none-eabi/lib/thumb/v7e-m+fp/hard\libg_nano.a(libc_a-stdio.o) (_close_r)
C:/ST/STM32CubeCLT_1.19.0/GNU-tools-for-STM32/bin/../lib/gcc/arm-none-eabi/13.3.1/../../../../arm-none-eabi/lib/thumb/v7e-m+fp/hard\libg_nano.a(libc_a-reent.o)
                              C:/ST/STM32CubeCLT_1.19.0/GNU-tools-for-STM32/bin/../lib/gcc/arm-none-eabi/13.3.1/../../../../arm-none-eabi/lib/thumb/v7e-m+fp/hard\libg_nano.a(libc_a-closer.o) (errno)
C:/ST/STM32CubeCLT_1.19.0/GNU-tools-for-STM32/bin/../lib/gcc/arm-none-eabi/13.3.1/../../../../arm-none-eabi/lib/thumb/v7e-m+fp/hard\libg_nano.a(libc_a-impure.o)
                              C:/ST/STM32CubeCLT_1.19.0/GNU-tools-for-STM32/bin/../lib/gcc/arm-none-eabi/13.3.1/../../../../arm-none-eabi/lib/thumb/v7e-m+fp/hard\libg_nano.a(libc_a-reent.o) (_impure_ptr)
C:/ST/STM32CubeCLT_1.19.0/GNU-tools-for-STM32/bin/../lib/gcc/arm-none-eabi/13.3.1/../../../../arm-none-eabi/lib/thumb/v7e-m+fp/hard\libg_nano.a(libc_a-lseekr.o)
                              C:/ST/STM32CubeCLT_1.19.0/GNU-tools-for-STM32/bin/../lib/gcc/arm-none-eabi/13.3.1/../../../../arm-none-eabi/lib/thumb/v7e-m+fp/hard\libg_nano.a(libc_a-stdio.o) (_lseek_r)
C:/ST/STM32CubeCLT_1.19.0/GNU-tools-for-STM32/bin/../lib/gcc/arm-none-eabi/13.3.1/../../../../arm-none-eabi/lib/thumb/v7e-m+fp/hard\libg_nano.a(libc_a-readr.o)
                              C:/ST/STM32CubeCLT_1.19.0/GNU-tools-for-STM32/bin/../lib/gcc/arm-none-eabi/13.3.1/../../../../arm-none-eabi/lib/thumb/v7e-m+fp/hard\libg_nano.a(libc_a-stdio.o) (_read_r)
C:/ST/STM32CubeCLT_1.19.0/GNU-tools-for-STM32/bin/../lib/gcc/arm-none-eabi/13.3.1/../../../../arm-none-eabi/lib/thumb/v7e-m+fp/hard\libg_nano.a(libc_a-writer.o)
                              C:/ST/STM32CubeCLT_1.19.0/GNU-tools-for-STM32/bin/../lib/gcc/arm-none-eabi/13.3.1/../../../../arm-none-eabi/lib/thumb/v7e-m+fp/hard\libg_nano.a(libc_a-stdio.o) (_write_r)
[...]
Memory Configuration

Name             Origin             Length             Attributes
RAM              0x20000000         0x00018000         xrw
FLASH            0x08000000         0x00080000         xr
*default*        0x00000000         0xffffffff

Linker script and memory map

LOAD C:/ST/STM32CubeCLT_1.19.0/GNU-tools-for-STM32/bin/../lib/gcc/arm-none-eabi/13.3.1/thumb/v7e-m+fp/hard/crti.o
LOAD C:/ST/STM32CubeCLT_1.19.0/GNU-tools-for-STM32/bin/../lib/gcc/arm-none-eabi/13.3.1/thumb/v7e-m+fp/hard/crtbegin.o
LOAD C:/ST/STM32CubeCLT_1.19.0/GNU-tools-for-STM32/bin/../lib/gcc/arm-none-eabi/13.3.1/../../../../arm-none-eabi/lib/thumb/v7e-m+fp/hard/crt0.o
LOAD cmake/stm32cubemx/CMakeFiles/STM32_Drivers.dir/__/__/Core/Src/system_stm32f4xx.c.obj
LOAD cmake/stm32cubemx/CMakeFiles/STM32_Drivers.dir/__/__/Drivers/STM32F4xx_HAL_Driver/Src/stm32f4xx_hal_uart.c.obj
LOAD cmake/stm32cubemx/CMakeFiles/STM32_Drivers.dir/__/__/Drivers/STM32F4xx_HAL_Driver/Src/stm32f4xx_hal_rcc.c.obj
LOAD cmake/stm32cubemx/CMakeFiles/STM32_Drivers.dir/__/__/Drivers/STM32F4xx_HAL_Driver/Src/stm32f4xx_hal_rcc_ex.c.obj
LOAD cmake/stm32cubemx/CMakeFiles/STM32_Drivers.dir/__/__/Drivers/STM32F4xx_HAL_Driver/Src/stm32f4xx_hal_flash.c.obj
LOAD cmake/stm32cubemx/CMakeFiles/STM32_Drivers.dir/__/__/Drivers/STM32F4xx_HAL_Driver/Src/stm32f4xx_hal_flash_ex.c.obj
LOAD cmake/stm32cubemx/CMakeFiles/STM32_Drivers.dir/__/__/Drivers/STM32F4xx_HAL_Driver/Src/stm32f4xx_hal_flash_ramfunc.c.obj
LOAD cmake/stm32cubemx/CMakeFiles/STM32_Drivers.dir/__/__/Drivers/STM32F4xx_HAL_Driver/Src/stm32f4xx_hal_gpio.c.obj
LOAD cmake/stm32cubemx/CMakeFiles/STM32_Drivers.dir/__/__/Drivers/STM32F4xx_HAL_Driver/Src/stm32f4xx_hal_dma_ex.c.obj
LOAD cmake/stm32cubemx/CMakeFiles/STM32_Drivers.dir/__/__/Drivers/STM32F4xx_HAL_Driver/Src/stm32f4xx_hal_dma.c.obj
LOAD cmake/stm32cubemx/CMakeFiles/STM32_Drivers.dir/__/__/Drivers/STM32F4xx_HAL_Driver/Src/stm32f4xx_hal_pwr.c.obj
LOAD cmake/stm32cubemx/CMakeFiles/STM32_Drivers.dir/__/__/Drivers/STM32F4xx_HAL_Driver/Src/stm32f4xx_hal_pwr_ex.c.obj
LOAD cmake/stm32cubemx/CMakeFiles/STM32_Drivers.dir/__/__/Drivers/STM32F4xx_HAL_Driver/Src/stm32f4xx_hal_cortex.c.obj
LOAD cmake/stm32cubemx/CMakeFiles/STM32_Drivers.dir/__/__/Drivers/STM32F4xx_HAL_Driver/Src/stm32f4xx_hal.c.obj
LOAD cmake/stm32cubemx/CMakeFiles/STM32_Drivers.dir/__/__/Drivers/STM32F4xx_HAL_Driver/Src/stm32f4xx_hal_exti.c.obj
LOAD CMakeFiles/Calculator.dir/Core/Src/main.c.obj
LOAD CMakeFiles/Calculator.dir/Core/Src/stm32f4xx_it.c.obj
LOAD CMakeFiles/Calculator.dir/Core/Src/stm32f4xx_hal_msp.c.obj
LOAD CMakeFiles/Calculator.dir/Core/Src/sysmem.c.obj
LOAD CMakeFiles/Calculator.dir/Core/Src/syscalls.c.obj
LOAD CMakeFiles/Calculator.dir/startup_stm32f401xe.s.obj
LOAD CMakeFiles/Calculator.dir/Core/Src/led_blinker.c.obj
LOAD CMakeFiles/Calculator.dir/Core/Src/spi_low.c.obj
LOAD CMakeFiles/Calculator.dir/Core/Src/ili9341.c.obj
LOAD CMakeFiles/Calculator.dir/Core/Src/calculator_ui.c.obj
LOAD C:/ST/STM32CubeCLT_1.19.0/GNU-tools-for-STM32/bin/../lib/gcc/arm-none-eabi/13.3.1/../../../../arm-none-eabi/lib/thumb/v7e-m+fp/hard\libm.a
START GROUP
LOAD C:/ST/STM32CubeCLT_1.19.0/GNU-tools-for-STM32/bin/../lib/gcc/arm-none-eabi/13.3.1/thumb/v7e-m+fp/hard\libgcc.a
LOAD C:/ST/STM32CubeCLT_1.19.0/GNU-tools-for-STM32/bin/../lib/gcc/arm-none-eabi/13.3.1/../../../../arm-none-eabi/lib/thumb/v7e-m+fp/hard\libg_nano.a
LOAD C:/ST/STM32CubeCLT_1.19.0/GNU-tools-for-STM32/bin/../lib/gcc/arm-none-eabi/13.3.1/../../../../arm-none-eabi/lib/thumb/v7e-m+fp/hard\libc_nano.a
END GROUP
START GROUP
LOAD C:/ST/STM32CubeCLT_1.19.0/GNU-tools-for-STM32/bin/../lib/gcc/arm-none-eabi/13.3.1/thumb/v7e-m+fp/hard\libgcc.a
LOAD C:/ST/STM32CubeCLT_1.19.0/GNU-tools-for-STM32/bin/../lib/gcc/arm-none-eabi/13.3.1/../../../../arm-none-eabi/lib/thumb/v7e-m+fp/hard\libc_nano.a
END GROUP
LOAD C:/ST/STM32CubeCLT_1.19.0/GNU-tools-for-STM32/bin/../lib/gcc/arm-none-eabi/13.3.1/thumb/v7e-m+fp/hard/crtend.o
LOAD C:/ST/STM32CubeCLT_1.19.0/GNU-tools-for-STM32/bin/../lib/gcc/arm-none-eabi/13.3.1/thumb/v7e-m+fp/hard/crtn.o
                0x20018000                        _estack = (ORIGIN (RAM) + LENGTH (RAM))
                0x00000200                        _Min_Heap_Size = 0x200
                0x00000400                        _Min_Stack_Size = 0x400

.isr_vector     0x08000000      0x194
                0x08000000                        . = ALIGN (0x4)
 *(.isr_vector)
 .isr_vector    0x08000000      0x194 CMakeFiles/Calculator.dir/startup_stm32f401xe.s.obj
                0x08000000                g_pfnVectors
                0x08000194                        . = ALIGN (0x4)

.text           0x08000194     0x1048
                0x08000194                        . = ALIGN (0x4)
 *(.text)
 .text          0x08000194       0x40 C:/ST/STM32CubeCLT_1.19.0/GNU-tools-for-STM32/bin/../lib/gcc/arm-none-eabi/13.3.1/thumb/v7e-m+fp/hard/crtbegin.o
 .text          0x080001d4       0x10 C:/ST/STM32CubeCLT_1.19.0/GNU-tools-for-STM32/bin/../lib/gcc/arm-none-eabi/13.3.1/../../../../arm-none-eabi/lib/thumb/v7e-m+fp/hard\libg_nano.a(libc_a-strlen.o)
                0x080001d4                strlen
 *(.text*)
 .text.SystemInit
                0x080001e4       0x24 cmake/stm32cubemx/CMakeFiles/STM32_Drivers.dir/__/__/Core/Src/system_stm32f4xx.c.obj
                0x080001e4                SystemInit
 .text.__NVIC_SetPriorityGrouping
                0x08000208       0x48 cmake/stm32cubemx/CMakeFiles/STM32_Drivers.dir/__/__/Drivers/STM32F4xx_HAL_Driver/Src/stm32f4xx_hal_cortex.c.obj
 .text.__NVIC_GetPriorityGrouping
                0x08000250       0x1c cmake/stm32cubemx/CMakeFiles/STM32_Drivers.dir/__/__/Drivers/STM32F4xx_HAL_Driver/Src/stm32f4xx_hal_cortex.c.obj
 .text.__NVIC_SetPriority
                0x0800026c       0x54 cmake/stm32cubemx/CMakeFiles/STM32_Drivers.dir/__/__/Drivers/STM32F4xx_HAL_Driver/Src/stm32f4xx_hal_cortex.c.obj
 .text.NVIC_EncodePriority
                0x080002c0       0x66 cmake/stm32cubemx/CMakeFiles/STM32_Drivers.dir/__/__/Drivers/STM32F4xx_HAL_Driver/Src/stm32f4xx_hal_cortex.c.obj
 *fill*         0x08000326        0x2 
 .text.SysTick_Config
                0x08000328       0x44 cmake/stm32cubemx/CMakeFiles/STM32_Drivers.dir/__/__/Drivers/STM32F4xx_HAL_Driver/Src/stm32f4xx_hal_cortex.c.obj
 .text.HAL_NVIC_SetPriorityGrouping
                0x0800036c       0x16 cmake/stm32cubemx/CMakeFiles/STM32_Drivers.dir/__/__/Drivers/STM32F4xx_HAL_Driver/Src/stm32f4xx_hal_cortex.c.obj
                0x0800036c                HAL_NVIC_SetPriorityGrouping
 .text.HAL_NVIC_SetPriority
                0x08000382       0x38 cmake/stm32cubemx/CMakeFiles/STM32_Drivers.dir/__/__/Drivers/STM32F4xx_HAL_Driver/Src/stm32f4xx_hal_cortex.c.obj
                0x08000382                HAL_NVIC_SetPriority
 .text.HAL_SYSTICK_Config
                0x080003ba       0x18 cmake/stm32cubemx/CMakeFiles/STM32_Drivers.dir/__/__/Drivers/STM32F4xx_HAL_Driver/Src/stm32f4xx_hal_cortex.c.obj
                0x080003ba                HAL_SYSTICK_Config
 *fill*         0x080003d2        0x2 
 .text.HAL_Init
                0x080003d4       0x44 cmake/stm32cubemx/CMakeFiles/STM32_Drivers.dir/__/__/Drivers/STM32F4xx_HAL_Driver/Src/stm32f4xx_hal.c.obj
                0x080003d4                HAL_Init
 .text.HAL_InitTick
                0x08000418       0x60 cmake/stm32cubemx/CMakeFiles/STM32_Drivers.dir/__/__/Drivers/STM32F4xx_HAL_Driver/Src/stm32f4xx_hal.c.obj
                0x08000418                HAL_InitTick
 .text.HAL_IncTick
                0x08000478       0x28 cmake/stm32cubemx/CMakeFiles/STM32_Drivers.dir/__/__/Drivers/STM32F4xx_HAL_Driver/Src/stm32f4xx_hal.c.obj
                0x08000478                HAL_IncTick
 .text.HAL_GetTick
                0x080004a0       0x18 cmake/stm32cubemx/CMakeFiles/STM32_Drivers.dir/__/__/Drivers/STM32F4xx_HAL_Driver/Src/stm32f4xx_hal.c.obj
                0x080004a0                HAL_GetTick
 .text.HAL_Delay
                0x080004b8       0x48 cmake/stm32cubemx/CMakeFiles/STM32_Drivers.dir/__/__/Drivers/STM32F4xx_HAL_Driver/Src/stm32f4xx_hal.c.obj
                0x080004b8                HAL_Delay
 .text.main     0x08000500       0x14 CMakeFiles/Calculator.dir/Core/Src/main.c.obj
                0x08000500                main
 .text.NMI_Handler
                0x08000514        0x8 CMakeFiles/Calculator.dir/Core/Src/stm32f4xx_it.c.obj
                0x08000514                NMI_Handler
 .text.HardFault_Handler
                0x0800051c        0x8 CMakeFiles/Calculator.dir/Core/Src/stm32f4xx_it.c.obj
                0x0800051c                HardFault_Handler
 .text.MemManage_Handler
                0x08000524        0x8 CMakeFiles/Calculator.dir/Core/Src/stm32f4xx_it.c.obj
                0x08000524                MemManage_Handler
 .text.BusFault_Handler
                0x0800052c        0x8 CMakeFiles/Calculator.dir/Core/Src/stm32f4xx_it.c.obj
                0x0800052c                BusFault_Handler
 .text.UsageFault_Handler
                0x08000534        0x8 CMakeFiles/Calculator.dir/Core/Src/stm32f4xx_it.c.obj
                0x08000534                UsageFault_Handler
 .text.SVC_Handler
                0x0800053c        0xe CMakeFiles/Calculator.dir/Core/Src/stm32f4xx_it.c.obj
                0x0800053c                SVC_Handler
 .text.DebugMon_Handler
                0x0800054a        0xe CMakeFiles/Calculator.dir/Core/Src/stm32f4xx_it.c.obj
                0x0800054a                DebugMon_Handler
 .text.PendSV_Handler
                0x08000558        0xe CMakeFiles/Calculator.dir/Core/Src/stm32f4xx_it.c.obj
                0x08000558                PendSV_Handler
 .text.SysTick_Handler
                0x08000566        0xc CMakeFiles/Calculator.dir/Core/Src/stm32f4xx_it.c.obj
                0x08000566                SysTick_Handler
 *fill*         0x08000572        0x2 
 .text.HAL_MspInit
                0x08000574       0x50 CMakeFiles/Calculator.dir/Core/Src/stm32f4xx_hal_msp.c.obj
                0x08000574                HAL_MspInit
 .text.Reset_Handler
                0x080005c4       0x50 CMakeFiles/Calculator.dir/startup_stm32f401xe.s.obj
                0x080005c4                Reset_Handler
 .text.Default_Handler
                0x08000614        0x2 CMakeFiles/Calculator.dir/startup_stm32f401xe.s.obj
                0x08000614                RTC_Alarm_IRQHandler
                0x08000614                EXTI2_IRQHandler
                0x08000614                SPI4_IRQHandler
                0x08000614                TIM1_CC_IRQHandler
                0x08000614                DMA2_Stream5_IRQHandler
                0x08000614                DMA1_Stream5_IRQHandler
                0x08000614                PVD_IRQHandler
                0x08000614                SDIO_IRQHandler
                0x08000614                TAMP_STAMP_IRQHandler
                0x08000614                EXTI3_IRQHandler
                0x08000614                TIM1_UP_TIM10_IRQHandler
                0x08000614                I2C3_ER_IRQHandler
                0x08000614                EXTI0_IRQHandler
                0x08000614                I2C2_EV_IRQHandler
                0x08000614                DMA1_Stream2_IRQHandler
                0x08000614                FPU_IRQHandler
                0x08000614                DMA2_Stream2_IRQHandler
                0x08000614                SPI1_IRQHandler
                0x08000614                TIM1_BRK_TIM9_IRQHandler
                0x08000614                DMA2_Stream3_IRQHandler
                0x08000614                USART6_IRQHandler
                0x08000614                DMA2_Stream0_IRQHandler
                0x08000614                TIM4_IRQHandler
                0x08000614                I2C1_EV_IRQHandler
                0x08000614                DMA1_Stream6_IRQHandler
                0x08000614                DMA1_Stream1_IRQHandler
                0x08000614                TIM3_IRQHandler
                0x08000614                RCC_IRQHandler
                0x08000614                Default_Handler
                0x08000614                EXTI15_10_IRQHandler
                0x08000614                ADC_IRQHandler
                0x08000614                DMA1_Stream7_IRQHandler
                0x08000614                TIM5_IRQHandler
                0x08000614                DMA2_Stream7_IRQHandler
                0x08000614                I2C3_EV_IRQHandler
                0x08000614                EXTI9_5_IRQHandler
                0x08000614                RTC_WKUP_IRQHandler
                0x08000614                SPI2_IRQHandler
                0x08000614                DMA1_Stream0_IRQHandler
                0x08000614                EXTI4_IRQHandler
                0x08000614                WWDG_IRQHandler
                0x08000614                TIM2_IRQHandler
                0x08000614                OTG_FS_WKUP_IRQHandler
                0x08000614                TIM1_TRG_COM_TIM11_IRQHandler
                0x08000614                EXTI1_IRQHandler
                0x08000614                USART2_IRQHandler
                0x08000614                I2C2_ER_IRQHandler
                0x08000614                DMA2_Stream1_IRQHandler
                0x08000614                FLASH_IRQHandler
                0x08000614                DMA2_Stream4_IRQHandler
                0x08000614                USART1_IRQHandler
                0x08000614                OTG_FS_IRQHandler
                0x08000614                SPI3_IRQHandler
                0x08000614                DMA1_Stream4_IRQHandler
                0x08000614                I2C1_ER_IRQHandler
                0x08000614                DMA2_Stream6_IRQHandler
                0x08000614                DMA1_Stream3_IRQHandler
 *fill*         0x08000616        0x2 
 .text.spi_gpio_init
                0x08000618      0x16c CMakeFiles/Calculator.dir/Core/Src/spi_low.c.obj
                0x08000618                spi_gpio_init
 .text.tft_write_cmd
                0x08000784       0x50 CMakeFiles/Calculator.dir/Core/Src/spi_low.c.obj
                0x08000784                tft_write_cmd
 .text.tft_write_dat
                0x080007d4       0x60 CMakeFiles/Calculator.dir/Core/Src/spi_low.c.obj
                0x080007d4                tft_write_dat
 .text.set_addr
                0x08000834       0x8a CMakeFiles/Calculator.dir/Core/Src/ili9341.c.obj
 *fill*         0x080008be        0x2 
 .text.ili9341_init
                0x080008c0       0x64 CMakeFiles/Calculator.dir/Core/Src/ili9341.c.obj
                0x080008c0                ili9341_init
 .text.ili9341_draw_pixel
                0x08000924       0x3e CMakeFiles/Calculator.dir/Core/Src/ili9341.c.obj
                0x08000924                ili9341_draw_pixel
 .text.ili9341_fill_rect
                0x08000962       0xec CMakeFiles/Calculator.dir/Core/Src/ili9341.c.obj
                0x08000962                ili9341_fill_rect
 .text.ili9341_color565
                0x08000a4e       0x50 CMakeFiles/Calculator.dir/Core/Src/calculator_ui.c.obj
 *fill*         0x08000a9e        0x2 
 .text.glyph_for_char
                0x08000aa0       0xec CMakeFiles/Calculator.dir/Core/Src/calculator_ui.c.obj
 .text.draw_char3x5
                0x08000b8c       0xc8 CMakeFiles/Calculator.dir/Core/Src/calculator_ui.c.obj
 .text.draw_button
                0x08000c54      0x192 CMakeFiles/Calculator.dir/Core/Src/calculator_ui.c.obj
 *fill*         0x08000de6        0x2 
 .text.draw_calculator
                0x08000de8      0x378 CMakeFiles/Calculator.dir/Core/Src/calculator_ui.c.obj
                0x08000de8                draw_calculator
 .text.__libc_init_array
                0x08001160       0x48 C:/ST/STM32CubeCLT_1.19.0/GNU-tools-for-STM32/bin/../lib/gcc/arm-none-eabi/13.3.1/../../../../arm-none-eabi/lib/thumb/v7e-m+fp/hard\libg_nano.a(libc_a-init.o)
                0x08001160                __libc_init_array
 .text.memcpy   0x080011a8       0x1c C:/ST/STM32CubeCLT_1.19.0/GNU-tools-for-STM32/bin/../lib/gcc/arm-none-eabi/13.3.1/../../../../arm-none-eabi/lib/thumb/v7e-m+fp/hard\libg_nano.a(libc_a-memcpy-stub.o)
                0x080011a8                memcpy
 *(.glue_7)
 .glue_7        0x080011c4        0x0 linker stubs
 *(.glue_7t)
 .glue_7t       0x080011c4        0x0 linker stubs
 *(.eh_frame)
 .eh_frame      0x080011c4        0x0 C:/ST/STM32CubeCLT_1.19.0/GNU-tools-for-STM32/bin/../lib/gcc/arm-none-eabi/13.3.1/thumb/v7e-m+fp/hard/crtbegin.o
 *(.init)
 .init          0x080011c4        0x4 C:/ST/STM32CubeCLT_1.19.0/GNU-tools-for-STM32/bin/../lib/gcc/arm-none-eabi/13.3.1/thumb/v7e-m+fp/hard/crti.o
                0x080011c4                _init
 .init          0x080011c8        0x8 C:/ST/STM32CubeCLT_1.19.0/GNU-tools-for-STM32/bin/../lib/gcc/arm-none-eabi/13.3.1/thumb/v7e-m+fp/hard/crtn.o
 *(.fini)
 .fini          0x080011d0        0x4 C:/ST/STM32CubeCLT_1.19.0/GNU-tools-for-STM32/bin/../lib/gcc/arm-none-eabi/13.3.1/thumb/v7e-m+fp/hard/crti.o
                0x080011d0                _fini
 .fini          0x080011d4        0x8 C:/ST/STM32CubeCLT_1.19.0/GNU-tools-for-STM32/bin/../lib/gcc/arm-none-eabi/13.3.1/thumb/v7e-m+fp/hard/crtn.o
                0x080011dc                        . = ALIGN (0x4)
                0x080011dc                        _etext = .

.vfp11_veneer   0x080011dc        0x0
 .vfp11_veneer  0x080011dc        0x0 linker stubs

.v4_bx          0x080011dc        0x0
 .v4_bx         0x080011dc        0x0 linker stubs

.iplt           0x080011dc        0x0
 .iplt          0x080011dc        0x0 C:/ST/STM32CubeCLT_1.19.0/GNU-tools-for-STM32/bin/../lib/gcc/arm-none-eabi/13.3.1/thumb/v7e-m+fp/hard/crtbegin.o

.rodata         0x080011dc      0x108
                0x080011dc                        . = ALIGN (0x4)
 *(.rodata)
 .rodata        0x080011dc       0x9c CMakeFiles/Calculator.dir/Core/Src/calculator_ui.c.obj
 *(.rodata*)
 .rodata.font3x5
                0x08001278       0x32 CMakeFiles/Calculator.dir/Core/Src/calculator_ui.c.obj
 *fill*         0x080012aa        0x2 
 .rodata.sym_plus
                0x080012ac        0x5 CMakeFiles/Calculator.dir/Core/Src/calculator_ui.c.obj
 *fill*         0x080012b1        0x3 
 .rodata.sym_minus
                0x080012b4        0x5 CMakeFiles/Calculator.dir/Core/Src/calculator_ui.c.obj
 *fill*         0x080012b9        0x3 
 .rodata.sym_eq
                0x080012bc        0x5 CMakeFiles/Calculator.dir/Core/Src/calculator_ui.c.obj
 *fill*         0x080012c1        0x3 
 .rodata.sym_div
                0x080012c4        0x5 CMakeFiles/Calculator.dir/Core/Src/calculator_ui.c.obj
 *fill*         0x080012c9        0x3 
 .rodata.sym_mul
                0x080012cc        0x5 CMakeFiles/Calculator.dir/Core/Src/calculator_ui.c.obj
 *fill*         0x080012d1        0x3 
 .rodata.sym_dot
                0x080012d4        0x5 CMakeFiles/Calculator.dir/Core/Src/calculator_ui.c.obj
 *fill*         0x080012d9        0x3 
 .rodata.sym_c  0x080012dc        0x5 CMakeFiles/Calculator.dir/Core/Src/calculator_ui.c.obj
                0x080012e4                        . = ALIGN (0x4)
 *fill*         0x080012e1        0x3 

.ARM.extab      0x080012e4        0x0
                0x080012e4                        . = ALIGN (0x4)
 *(.ARM.extab* .gnu.linkonce.armextab.*)
                0x080012e4                        . = ALIGN (0x4)

.ARM            0x080012e4        0x8
                0x080012e4                        . = ALIGN (0x4)
                0x080012e4                        __exidx_start = .
 *(.ARM.exidx*)
 .ARM.exidx     0x080012e4        0x8 C:/ST/STM32CubeCLT_1.19.0/GNU-tools-for-STM32/bin/../lib/gcc/arm-none-eabi/13.3.1/../../../../arm-none-eabi/lib/thumb/v7e-m+fp/hard\libg_nano.a(libc_a-strlen.o)
                0x080012ec                        __exidx_end = .
                0x080012ec                        . = ALIGN (0x4)

.preinit_array  0x080012ec        0x0
                0x080012ec                        . = ALIGN (0x4)
                0x080012ec                        PROVIDE (__preinit_array_start = .)
 *(.preinit_array*)
                0x080012ec                        PROVIDE (__preinit_array_end = .)
                0x080012ec                        . = ALIGN (0x4)

.init_array     0x080012ec        0x4
                0x080012ec                        . = ALIGN (0x4)
                0x080012ec                        PROVIDE (__init_array_start = .)
 *(SORT_BY_NAME(.init_array.*))
 *(.init_array*)
 .init_array    0x080012ec        0x4 C:/ST/STM32CubeCLT_1.19.0/GNU-tools-for-STM32/bin/../lib/gcc/arm-none-eabi/13.3.1/thumb/v7e-m+fp/hard/crtbegin.o
                0x080012f0                        PROVIDE (__init_array_end = .)
                0x080012f0                        . = ALIGN (0x4)

.fini_array     0x080012f0        0x4
                0x080012f0                        . = ALIGN (0x4)
                [!provide]                        PROVIDE (__fini_array_start = .)
 *(SORT_BY_NAME(.fini_array.*))
 *(.fini_array*)
 .fini_array    0x080012f0        0x4 C:/ST/STM32CubeCLT_1.19.0/GNU-tools-for-STM32/bin/../lib/gcc/arm-none-eabi/13.3.1/thumb/v7e-m+fp/hard/crtbegin.o
                [!provide]                        PROVIDE (__fini_array_end = .)
                0x080012f4                        . = ALIGN (0x4)
                0x080012f4                        _sidata = LOADADDR (.data)

.rel.dyn        0x080012f4        0x0
 .rel.iplt      0x080012f4        0x0 C:/ST/STM32CubeCLT_1.19.0/GNU-tools-for-STM32/bin/../lib/gcc/arm-none-eabi/13.3.1/thumb/v7e-m+fp/hard/crtbegin.o

.data           0x20000000        0xc load address 0x080012f4
                0x20000000                        . = ALIGN (0x4)
                0x20000000                        _sdata = .
 *(.data)
 *(.data*)
 .data.SystemCoreClock
                0x20000000        0x4 cmake/stm32cubemx/CMakeFiles/STM32_Drivers.dir/__/__/Core/Src/system_stm32f4xx.c.obj
                0x20000000                SystemCoreClock
 .data.uwTickPrio
                0x20000004        0x4 cmake/stm32cubemx/CMakeFiles/STM32_Drivers.dir/__/__/Drivers/STM32F4xx_HAL_Driver/Src/stm32f4xx_hal.c.obj
                0x20000004                uwTickPrio
 .data.uwTickFreq
                0x20000008        0x1 cmake/stm32cubemx/CMakeFiles/STM32_Drivers.dir/__/__/Drivers/STM32F4xx_HAL_Driver/Src/stm32f4xx_hal.c.obj
                0x20000008                uwTickFreq
 *(.RamFunc)
 *(.RamFunc*)
                0x2000000c                        . = ALIGN (0x4)
 *fill*         0x20000009        0x3 

.igot.plt       0x2000000c        0x0 load address 0x08001300
 .igot.plt      0x2000000c        0x0 C:/ST/STM32CubeCLT_1.19.0/GNU-tools-for-STM32/bin/../lib/gcc/arm-none-eabi/13.3.1/thumb/v7e-m+fp/hard/crtbegin.o

.tdata          0x2000000c        0x0 load address 0x08001300
 *(.tdata .tdata.* .gnu.linkonce.td.*)
                0x2000000c                        . = ALIGN (0x4)
                0x2000000c                        _edata = .
                [!provide]                        PROVIDE (__data_end = .)
                [!provide]                        PROVIDE (__tdata_end = .)
                [!provide]                        PROVIDE (__tdata_start = ADDR (.tdata))
                [!provide]                        PROVIDE (__tdata_size = (__tdata_end - __tdata_start))
                [!provide]                        PROVIDE (__data_start = ADDR (.data))
                [!provide]                        PROVIDE (__data_size = (__data_end - __data_start))
                [!provide]                        PROVIDE (__tdata_source = LOADADDR (.tdata))
                [!provide]                        PROVIDE (__tdata_source_end = (LOADADDR (.tdata) + SIZEOF (.tdata)))
                [!provide]                        PROVIDE (__tdata_source_size = (__tdata_source_end - __tdata_source))
                [!provide]                        PROVIDE (__data_source = LOADADDR (.data))
                [!provide]                        PROVIDE (__data_source_end = __tdata_source_end)
                [!provide]                        PROVIDE (__data_source_size = (__data_source_end - __data_source))

.tbss           0x2000000c        0x0 load address 0x08001300
                0x2000000c                        _sbss = .
                0x2000000c                        __bss_start__ = _sbss
 *(.tbss .tbss.*)
                0x2000000c                        . = ALIGN (0x4)
                [!provide]                        PROVIDE (__tbss_end = .)
                [!provide]                        PROVIDE (__tbss_start = ADDR (.tbss))
                [!provide]                        PROVIDE (__tbss_size = (__tbss_end - __tbss_start))
                [!provide]                        PROVIDE (__tbss_offset = (ADDR (.tbss) - ADDR (.tdata)))
                [!provide]                        PROVIDE (__tls_base = __tdata_start)
                [!provide]                        PROVIDE (__tls_end = __tbss_end)
                [!provide]                        PROVIDE (__tls_size = (__tls_end - __tls_base))
                [!provide]                        PROVIDE (__tls_align = MAX (ALIGNOF (.tdata), ALIGNOF (.tbss)))
                [!provide]                        PROVIDE (__tls_size_align = (((__tls_size + __tls_align) - 0x1) & ~ ((__tls_align - 0x1))))
                [!provide]                        PROVIDE (__arm32_tls_tcb_offset = MAX (0x8, __tls_align))
                [!provide]                        PROVIDE (__arm64_tls_tcb_offset = MAX (0x10, __tls_align))

.bss            0x2000000c       0x20 load address 0x08001300
 *(.bss)
 .bss           0x2000000c       0x1c C:/ST/STM32CubeCLT_1.19.0/GNU-tools-for-STM32/bin/../lib/gcc/arm-none-eabi/13.3.1/thumb/v7e-m+fp/hard/crtbegin.o
 *(.bss*)
 .bss.uwTick    0x20000028        0x4 cmake/stm32cubemx/CMakeFiles/STM32_Drivers.dir/__/__/Drivers/STM32F4xx_HAL_Driver/Src/stm32f4xx_hal.c.obj
                0x20000028                uwTick
 *(COMMON)
                0x2000002c                        . = ALIGN (0x4)
                0x2000002c                        _ebss = .
                0x2000002c                        __bss_end__ = _ebss
                [!provide]                        PROVIDE (__bss_end = .)
                [!provide]                        PROVIDE (__non_tls_bss_start = ADDR (.bss))
                [!provide]                        PROVIDE (__bss_start = __tbss_start)
                [!provide]                        PROVIDE (__bss_size = (__bss_end - __bss_start))

._user_heap_stack
                0x2000002c      0x604 load address 0x08001300
                0x20000030                        . = ALIGN (0x8)
 *fill*         0x2000002c        0x4 
                [!provide]                        PROVIDE (end = .)
                0x20000030                        PROVIDE (_end = .)
                0x20000230                        . = (. + _Min_Heap_Size)
 *fill*         0x20000030      0x200 
                0x20000630                        . = (. + _Min_Stack_Size)
 *fill*         0x20000230      0x400 
                0x20000630                        . = ALIGN (0x8)

/DISCARD/
 libc.a:*(*)
 libm.a:*(*)
 libgcc.a:*(*)
OUTPUT(Calculator.elf elf32-littlearm)
LOAD linker stubs

.ARM.attributes
                0x00000000       0x30
 .ARM.attributes
                0x00000000       0x22 C:/ST/STM32CubeCLT_1.19.0/GNU-tools-for-STM32/bin/../lib/gcc/arm-none-eabi/13.3.1/thumb/v7e-m+fp/hard/crti.o
 .ARM.attributes
                0x00000022       0x34 C:/ST/STM32CubeCLT_1.19.0/GNU-tools-for-STM32/bin/../lib/gcc/arm-none-eabi/13.3.1/thumb/v7e-m+fp/hard/crtbegin.o
 .ARM.attributes
                0x00000056       0x34 cmake/stm32cubemx/CMakeFiles/STM32_Drivers.dir/__/__/Core/Src/system_stm32f4xx.c.obj
 .ARM.attributes
                0x0000008a       0x34 cmake/stm32cubemx/CMakeFiles/STM32_Drivers.dir/__/__/Drivers/STM32F4xx_HAL_Driver/Src/stm32f4xx_hal_cortex.c.obj
 .ARM.attributes
                0x000000be       0x34 cmake/stm32cubemx/CMakeFiles/STM32_Drivers.dir/__/__/Drivers/STM32F4xx_HAL_Driver/Src/stm32f4xx_hal.c.obj
 .ARM.attributes
                0x000000f2       0x34 CMakeFiles/Calculator.dir/Core/Src/main.c.obj
 .ARM.attributes
                0x00000126       0x34 CMakeFiles/Calculator.dir/Core/Src/stm32f4xx_it.c.obj
 .ARM.attributes
                0x0000015a       0x34 CMakeFiles/Calculator.dir/Core/Src/stm32f4xx_hal_msp.c.obj
 .ARM.attributes
                0x0000018e       0x21 CMakeFiles/Calculator.dir/startup_stm32f401xe.s.obj
 .ARM.attributes
                0x000001af       0x34 CMakeFiles/Calculator.dir/Core/Src/spi_low.c.obj
 .ARM.attributes
                0x000001e3       0x34 CMakeFiles/Calculator.dir/Core/Src/ili9341.c.obj
 .ARM.attributes
                0x00000217       0x34 CMakeFiles/Calculator.dir/Core/Src/calculator_ui.c.obj
 .ARM.attributes
                0x0000024b       0x34 C:/ST/STM32CubeCLT_1.19.0/GNU-tools-for-STM32/bin/../lib/gcc/arm-none-eabi/13.3.1/../../../../arm-none-eabi/lib/thumb/v7e-m+fp/hard\libg_nano.a(libc_a-init.o)
 .ARM.attributes
                0x0000027f       0x34 C:/ST/STM32CubeCLT_1.19.0/GNU-tools-for-STM32/bin/../lib/gcc/arm-none-eabi/13.3.1/../../../../arm-none-eabi/lib/thumb/v7e-m+fp/hard\libg_nano.a(libc_a-memcpy-stub.o)
 .ARM.attributes
                0x000002b3       0x17 C:/ST/STM32CubeCLT_1.19.0/GNU-tools-for-STM32/bin/../lib/gcc/arm-none-eabi/13.3.1/../../../../arm-none-eabi/lib/thumb/v7e-m+fp/hard\libg_nano.a(libc_a-strlen.o)
 .ARM.attributes
                0x000002ca       0x22 C:/ST/STM32CubeCLT_1.19.0/GNU-tools-for-STM32/bin/../lib/gcc/arm-none-eabi/13.3.1/thumb/v7e-m+fp/hard/crtn.o

.comment        0x00000000       0x43
 .comment       0x00000000       0x43 cmake/stm32cubemx/CMakeFiles/STM32_Drivers.dir/__/__/Core/Src/system_stm32f4xx.c.obj
                                 0x44 (size before relaxing)
 .comment       0x00000043       0x44 cmake/stm32cubemx/CMakeFiles/STM32_Drivers.dir/__/__/Drivers/STM32F4xx_HAL_Driver/Src/stm32f4xx_hal_cortex.c.obj
 .comment       0x00000043       0x44 cmake/stm32cubemx/CMakeFiles/STM32_Drivers.dir/__/__/Drivers/STM32F4xx_HAL_Driver/Src/stm32f4xx_hal.c.obj
 .comment       0x00000043       0x44 CMakeFiles/Calculator.dir/Core/Src/main.c.obj
 .comment       0x00000043       0x44 CMakeFiles/Calculator.dir/Core/Src/stm32f4xx_it.c.obj
 .comment       0x00000043       0x44 CMakeFiles/Calculator.dir/Core/Src/stm32f4xx_hal_msp.c.obj
 .comment       0x00000043       0x44 CMakeFiles/Calculator.dir/Core/Src/spi_low.c.obj
 .comment       0x00000043       0x44 CMakeFiles/Calculator.dir/Core/Src/ili9341.c.obj
 .comment       0x00000043       0x44 CMakeFiles/Calculator.dir/Core/Src/calculator_ui.c.obj
 .comment       0x00000043       0x44 C:/ST/STM32CubeCLT_1.19.0/GNU-tools-for-STM32/bin/../lib/gcc/arm-none-eabi/13.3.1/../../../../arm-none-eabi/lib/thumb/v7e-m+fp/hard\libg_nano.a(libc_a-init.o)
 .comment       0x00000043       0x44 C:/ST/STM32CubeCLT_1.19.0/GNU-tools-for-STM32/bin/../lib/gcc/arm-none-eabi/13.3.1/../../../../arm-none-eabi/lib/thumb/v7e-m+fp/hard\libg_nano.a(libc_a-memcpy-stub.o)

.debug_info     0x00000000     0x35b0
 .debug_info    0x00000000      0x53e cmake/stm32cubemx/CMakeFiles/STM32_Drivers.dir/__/__/Core/Src/system_stm32f4xx.c.obj
 .debug_info    0x0000053e      0xcf6 cmake/stm32cubemx/CMakeFiles/STM32_Drivers.dir/__/__/Drivers/STM32F4xx_HAL_Driver/Src/stm32f4xx_hal_cortex.c.obj
 .debug_info    0x00001234      0x8bb cmake/stm32cubemx/CMakeFiles/STM32_Drivers.dir/__/__/Drivers/STM32F4xx_HAL_Driver/Src/stm32f4xx_hal.c.obj
 .debug_info    0x00001aef       0xdb CMakeFiles/Calculator.dir/Core/Src/main.c.obj
 .debug_info    0x00001bca      0x112 CMakeFiles/Calculator.dir/Core/Src/stm32f4xx_it.c.obj
 .debug_info    0x00001cdc      0x91a CMakeFiles/Calculator.dir/Core/Src/stm32f4xx_hal_msp.c.obj
 .debug_info    0x000025f6       0x30 CMakeFiles/Calculator.dir/startup_stm32f401xe.s.obj
 .debug_info    0x00002626      0x3c9 CMakeFiles/Calculator.dir/Core/Src/spi_low.c.obj
 .debug_info    0x000029ef      0x290 CMakeFiles/Calculator.dir/Core/Src/ili9341.c.obj
 .debug_info    0x00002c7f      0x6d4 CMakeFiles/Calculator.dir/Core/Src/calculator_ui.c.obj
 .debug_info    0x00003353      0x10b C:/ST/STM32CubeCLT_1.19.0/GNU-tools-for-STM32/bin/../lib/gcc/arm-none-eabi/13.3.1/../../../../arm-none-eabi/lib/thumb/v7e-m+fp/hard\libg_nano.a(libc_a-init.o)
 .debug_info    0x0000345e      0x121 C:/ST/STM32CubeCLT_1.19.0/GNU-tools-for-STM32/bin/../lib/gcc/arm-none-eabi/13.3.1/../../../../arm-none-eabi/lib/thumb/v7e-m+fp/hard\libg_nano.a(libc_a-memcpy-stub.o)
 .debug_info    0x0000357f       0x31 C:/ST/STM32CubeCLT_1.19.0/GNU-tools-for-STM32/bin/../lib/gcc/arm-none-eabi/13.3.1/../../../../arm-none-eabi/lib/thumb/v7e-m+fp/hard\libg_nano.a(libc_a-strlen.o)

.debug_abbrev   0x00000000      0xea2
 .debug_abbrev  0x00000000      0x11a cmake/stm32cubemx/CMakeFiles/STM32_Drivers.dir/__/__/Core/Src/system_stm32f4xx.c.obj
 .debug_abbrev  0x0000011a      0x31d cmake/stm32cubemx/CMakeFiles/STM32_Drivers.dir/__/__/Drivers/STM32F4xx_HAL_Driver/Src/stm32f4xx_hal_cortex.c.obj
 .debug_abbrev  0x00000437      0x24b cmake/stm32cubemx/CMakeFiles/STM32_Drivers.dir/__/__/Drivers/STM32F4xx_HAL_Driver/Src/stm32f4xx_hal.c.obj
 .debug_abbrev  0x00000682       0x9b CMakeFiles/Calculator.dir/Core/Src/main.c.obj
 .debug_abbrev  0x0000071d       0x73 CMakeFiles/Calculator.dir/Core/Src/stm32f4xx_it.c.obj
 .debug_abbrev  0x00000790      0x1ac CMakeFiles/Calculator.dir/Core/Src/stm32f4xx_hal_msp.c.obj
 .debug_abbrev  0x0000093c       0x24 CMakeFiles/Calculator.dir/startup_stm32f401xe.s.obj
 .debug_abbrev  0x00000960       0xe5 CMakeFiles/Calculator.dir/Core/Src/spi_low.c.obj
 .debug_abbrev  0x00000a45      0x153 CMakeFiles/Calculator.dir/Core/Src/ili9341.c.obj
 .debug_abbrev  0x00000b98      0x158 CMakeFiles/Calculator.dir/Core/Src/calculator_ui.c.obj
 .debug_abbrev  0x00000cf0       0xc9 C:/ST/STM32CubeCLT_1.19.0/GNU-tools-for-STM32/bin/../lib/gcc/arm-none-eabi/13.3.1/../../../../arm-none-eabi/lib/thumb/v7e-m+fp/hard\libg_nano.a(libc_a-init.o)
 .debug_abbrev  0x00000db9       0xc1 C:/ST/STM32CubeCLT_1.19.0/GNU-tools-for-STM32/bin/../lib/gcc/arm-none-eabi/13.3.1/../../../../arm-none-eabi/lib/thumb/v7e-m+fp/hard\libg_nano.a(libc_a-memcpy-stub.o)
 .debug_abbrev  0x00000e7a       0x28 C:/ST/STM32CubeCLT_1.19.0/GNU-tools-for-STM32/bin/../lib/gcc/arm-none-eabi/13.3.1/../../../../arm-none-eabi/lib/thumb/v7e-m+fp/hard\libg_nano.a(libc_a-strlen.o)

.debug_aranges  0x00000000      0x428
 .debug_aranges
                0x00000000       0x28 cmake/stm32cubemx/CMakeFiles/STM32_Drivers.dir/__/__/Core/Src/system_stm32f4xx.c.obj
 .debug_aranges
                0x00000028      0x130 cmake/stm32cubemx/CMakeFiles/STM32_Drivers.dir/__/__/Drivers/STM32F4xx_HAL_Driver/Src/stm32f4xx_hal_cortex.c.obj
 .debug_aranges
                0x00000158       0xf0 cmake/stm32cubemx/CMakeFiles/STM32_Drivers.dir/__/__/Drivers/STM32F4xx_HAL_Driver/Src/stm32f4xx_hal.c.obj
 .debug_aranges
                0x00000248       0x20 CMakeFiles/Calculator.dir/Core/Src/main.c.obj
 .debug_aranges
                0x00000268       0x60 CMakeFiles/Calculator.dir/Core/Src/stm32f4xx_it.c.obj
 .debug_aranges
                0x000002c8       0x30 CMakeFiles/Calculator.dir/Core/Src/stm32f4xx_hal_msp.c.obj
 .debug_aranges
                0x000002f8       0x28 CMakeFiles/Calculator.dir/startup_stm32f401xe.s.obj
 .debug_aranges
                0x00000320       0x30 CMakeFiles/Calculator.dir/Core/Src/spi_low.c.obj
 .debug_aranges
                0x00000350       0x38 CMakeFiles/Calculator.dir/Core/Src/ili9341.c.obj
 .debug_aranges
                0x00000388       0x40 CMakeFiles/Calculator.dir/Core/Src/calculator_ui.c.obj
 .debug_aranges
                0x000003c8       0x20 C:/ST/STM32CubeCLT_1.19.0/GNU-tools-for-STM32/bin/../lib/gcc/arm-none-eabi/13.3.1/../../../../arm-none-eabi/lib/thumb/v7e-m+fp/hard\libg_nano.a(libc_a-init.o)
 .debug_aranges
                0x000003e8       0x20 C:/ST/STM32CubeCLT_1.19.0/GNU-tools-for-STM32/bin/../lib/gcc/arm-none-eabi/13.3.1/../../../../arm-none-eabi/lib/thumb/v7e-m+fp/hard\libg_nano.a(libc_a-memcpy-stub.o)
 .debug_aranges
                0x00000408       0x20 C:/ST/STM32CubeCLT_1.19.0/GNU-tools-for-STM32/bin/../lib/gcc/arm-none-eabi/13.3.1/../../../../arm-none-eabi/lib/thumb/v7e-m+fp/hard\libg_nano.a(libc_a-strlen.o)

.debug_rnglists
                0x00000000      0x2d4
 .debug_rnglists
                0x00000000       0x1a cmake/stm32cubemx/CMakeFiles/STM32_Drivers.dir/__/__/Core/Src/system_stm32f4xx.c.obj
 .debug_rnglists
                0x0000001a       0xe0 cmake/stm32cubemx/CMakeFiles/STM32_Drivers.dir/__/__/Drivers/STM32F4xx_HAL_Driver/Src/stm32f4xx_hal_cortex.c.obj
 .debug_rnglists
                0x000000fa       0xaf cmake/stm32cubemx/CMakeFiles/STM32_Drivers.dir/__/__/Drivers/STM32F4xx_HAL_Driver/Src/stm32f4xx_hal.c.obj
 .debug_rnglists
                0x000001a9       0x13 CMakeFiles/Calculator.dir/Core/Src/main.c.obj
 .debug_rnglists
                0x000001bc       0x43 CMakeFiles/Calculator.dir/Core/Src/stm32f4xx_it.c.obj
 .debug_rnglists
                0x000001ff       0x20 CMakeFiles/Calculator.dir/Core/Src/stm32f4xx_hal_msp.c.obj
 .debug_rnglists
                0x0000021f       0x19 CMakeFiles/Calculator.dir/startup_stm32f401xe.s.obj
 .debug_rnglists
                0x00000238       0x20 CMakeFiles/Calculator.dir/Core/Src/spi_low.c.obj
 .debug_rnglists
                0x00000258       0x27 CMakeFiles/Calculator.dir/Core/Src/ili9341.c.obj
 .debug_rnglists
                0x0000027f       0x2f CMakeFiles/Calculator.dir/Core/Src/calculator_ui.c.obj
 .debug_rnglists
                0x000002ae       0x13 C:/ST/STM32CubeCLT_1.19.0/GNU-tools-for-STM32/bin/../lib/gcc/arm-none-eabi/13.3.1/../../../../arm-none-eabi/lib/thumb/v7e-m+fp/hard\libg_nano.a(libc_a-init.o)
 .debug_rnglists
                0x000002c1       0x13 C:/ST/STM32CubeCLT_1.19.0/GNU-tools-for-STM32/bin/../lib/gcc/arm-none-eabi/13.3.1/../../../../arm-none-eabi/lib/thumb/v7e-m+fp/hard\libg_nano.a(libc_a-memcpy-stub.o)

.debug_macro    0x00000000    0x14bb2
 .debug_macro   0x00000000      0x1ba cmake/stm32cubemx/CMakeFiles/STM32_Drivers.dir/__/__/Core/Src/system_stm32f4xx.c.obj
 .debug_macro   0x000001ba      0xad8 cmake/stm32cubemx/CMakeFiles/STM32_Drivers.dir/__/__/Core/Src/system_stm32f4xx.c.obj
 .debug_macro   0x00000c92       0x2e cmake/stm32cubemx/CMakeFiles/STM32_Drivers.dir/__/__/Core/Src/system_stm32f4xx.c.obj
 .debug_macro   0x00000cc0       0x28 cmake/stm32cubemx/CMakeFiles/STM32_Drivers.dir/__/__/Core/Src/system_stm32f4xx.c.obj
 .debug_macro   0x00000ce8       0x22 cmake/stm32cubemx/CMakeFiles/STM32_Drivers.dir/__/__/Core/Src/system_stm32f4xx.c.obj
 .debug_macro   0x00000d0a       0x8e cmake/stm32cubemx/CMakeFiles/STM32_Drivers.dir/__/__/Core/Src/system_stm32f4xx.c.obj
 .debug_macro   0x00000d98       0x51 cmake/stm32cubemx/CMakeFiles/STM32_Drivers.dir/__/__/Core/Src/system_stm32f4xx.c.obj
 .debug_macro   0x00000de9      0x103 cmake/stm32cubemx/CMakeFiles/STM32_Drivers.dir/__/__/Core/Src/system_stm32f4xx.c.obj
 .debug_macro   0x00000eec       0x6a cmake/stm32cubemx/CMakeFiles/STM32_Drivers.dir/__/__/Core/Src/system_stm32f4xx.c.obj
 .debug_macro   0x00000f56      0x1df cmake/stm32cubemx/CMakeFiles/STM32_Drivers.dir/__/__/Core/Src/system_stm32f4xx.c.obj
 .debug_macro   0x00001135       0x1c cmake/stm32cubemx/CMakeFiles/STM32_Drivers.dir/__/__/Core/Src/system_stm32f4xx.c.obj
 .debug_macro   0x00001151       0x22 cmake/stm32cubemx/CMakeFiles/STM32_Drivers.dir/__/__/Core/Src/system_stm32f4xx.c.obj
 .debug_macro   0x00001173       0xfb cmake/stm32cubemx/CMakeFiles/STM32_Drivers.dir/__/__/Core/Src/system_stm32f4xx.c.obj
 .debug_macro   0x0000126e     0x1011 cmake/stm32cubemx/CMakeFiles/STM32_Drivers.dir/__/__/Core/Src/system_stm32f4xx.c.obj
 .debug_macro   0x0000227f      0x11f cmake/stm32cubemx/CMakeFiles/STM32_Drivers.dir/__/__/Core/Src/system_stm32f4xx.c.obj
 .debug_macro   0x0000239e     0xb881 cmake/stm32cubemx/CMakeFiles/STM32_Drivers.dir/__/__/Core/Src/system_stm32f4xx.c.obj
 .debug_macro   0x0000dc1f       0x6d cmake/stm32cubemx/CMakeFiles/STM32_Drivers.dir/__/__/Core/Src/system_stm32f4xx.c.obj
 .debug_macro   0x0000dc8c      0x295 cmake/stm32cubemx/CMakeFiles/STM32_Drivers.dir/__/__/Core/Src/system_stm32f4xx.c.obj
 .debug_macro   0x0000df21     0x3693 cmake/stm32cubemx/CMakeFiles/STM32_Drivers.dir/__/__/Core/Src/system_stm32f4xx.c.obj
 .debug_macro   0x000115b4      0x190 cmake/stm32cubemx/CMakeFiles/STM32_Drivers.dir/__/__/Core/Src/system_stm32f4xx.c.obj
 .debug_macro   0x00011744       0x5c cmake/stm32cubemx/CMakeFiles/STM32_Drivers.dir/__/__/Core/Src/system_stm32f4xx.c.obj
 .debug_macro   0x000117a0      0x416 cmake/stm32cubemx/CMakeFiles/STM32_Drivers.dir/__/__/Core/Src/system_stm32f4xx.c.obj
 .debug_macro   0x00011bb6      0x9e9 cmake/stm32cubemx/CMakeFiles/STM32_Drivers.dir/__/__/Core/Src/system_stm32f4xx.c.obj
 .debug_macro   0x0001259f      0x115 cmake/stm32cubemx/CMakeFiles/STM32_Drivers.dir/__/__/Core/Src/system_stm32f4xx.c.obj
 .debug_macro   0x000126b4       0xf8 cmake/stm32cubemx/CMakeFiles/STM32_Drivers.dir/__/__/Core/Src/system_stm32f4xx.c.obj
 .debug_macro   0x000127ac       0xa5 cmake/stm32cubemx/CMakeFiles/STM32_Drivers.dir/__/__/Core/Src/system_stm32f4xx.c.obj
 .debug_macro   0x00012851      0x15f cmake/stm32cubemx/CMakeFiles/STM32_Drivers.dir/__/__/Core/Src/system_stm32f4xx.c.obj
 .debug_macro   0x000129b0      0x287 cmake/stm32cubemx/CMakeFiles/STM32_Drivers.dir/__/__/Core/Src/system_stm32f4xx.c.obj
 .debug_macro   0x00012c37       0x5f cmake/stm32cubemx/CMakeFiles/STM32_Drivers.dir/__/__/Core/Src/system_stm32f4xx.c.obj
 .debug_macro   0x00012c96      0x236 cmake/stm32cubemx/CMakeFiles/STM32_Drivers.dir/__/__/Core/Src/system_stm32f4xx.c.obj
 .debug_macro   0x00012ecc      0x132 cmake/stm32cubemx/CMakeFiles/STM32_Drivers.dir/__/__/Core/Src/system_stm32f4xx.c.obj
 .debug_macro   0x00012ffe      0x264 cmake/stm32cubemx/CMakeFiles/STM32_Drivers.dir/__/__/Core/Src/system_stm32f4xx.c.obj
 .debug_macro   0x00013262       0x2e cmake/stm32cubemx/CMakeFiles/STM32_Drivers.dir/__/__/Core/Src/system_stm32f4xx.c.obj
 .debug_macro   0x00013290      0x127 cmake/stm32cubemx/CMakeFiles/STM32_Drivers.dir/__/__/Core/Src/system_stm32f4xx.c.obj
 .debug_macro   0x000133b7       0x85 cmake/stm32cubemx/CMakeFiles/STM32_Drivers.dir/__/__/Core/Src/system_stm32f4xx.c.obj
 .debug_macro   0x0001343c       0x89 cmake/stm32cubemx/CMakeFiles/STM32_Drivers.dir/__/__/Core/Src/system_stm32f4xx.c.obj
 .debug_macro   0x000134c5      0x2aa cmake/stm32cubemx/CMakeFiles/STM32_Drivers.dir/__/__/Core/Src/system_stm32f4xx.c.obj
 .debug_macro   0x0001376f      0x126 cmake/stm32cubemx/CMakeFiles/STM32_Drivers.dir/__/__/Core/Src/system_stm32f4xx.c.obj
 .debug_macro   0x00013895      0x1ba cmake/stm32cubemx/CMakeFiles/STM32_Drivers.dir/__/__/Drivers/STM32F4xx_HAL_Driver/Src/stm32f4xx_hal_cortex.c.obj
 .debug_macro   0x00013a4f      0x21a cmake/stm32cubemx/CMakeFiles/STM32_Drivers.dir/__/__/Drivers/STM32F4xx_HAL_Driver/Src/stm32f4xx_hal.c.obj
 .debug_macro   0x00013c69      0x1cd CMakeFiles/Calculator.dir/Core/Src/main.c.obj
 .debug_macro   0x00013e36       0x46 CMakeFiles/Calculator.dir/Core/Src/main.c.obj
 .debug_macro   0x00013e7c      0x1d3 CMakeFiles/Calculator.dir/Core/Src/stm32f4xx_it.c.obj
 .debug_macro   0x0001404f       0x58 CMakeFiles/Calculator.dir/Core/Src/stm32f4xx_it.c.obj
 .debug_macro   0x000140a7      0x1c9 CMakeFiles/Calculator.dir/Core/Src/stm32f4xx_hal_msp.c.obj
 .debug_macro   0x00014270      0x1c7 CMakeFiles/Calculator.dir/Core/Src/spi_low.c.obj
 .debug_macro   0x00014437       0x28 CMakeFiles/Calculator.dir/Core/Src/spi_low.c.obj
 .debug_macro   0x0001445f      0x26c CMakeFiles/Calculator.dir/Core/Src/ili9341.c.obj
 .debug_macro   0x000146cb       0x74 CMakeFiles/Calculator.dir/Core/Src/ili9341.c.obj
 .debug_macro   0x0001473f      0x19b CMakeFiles/Calculator.dir/Core/Src/ili9341.c.obj
 .debug_macro   0x000148da      0x2a8 CMakeFiles/Calculator.dir/Core/Src/calculator_ui.c.obj
 .debug_macro   0x00014b82       0x10 CMakeFiles/Calculator.dir/Core/Src/calculator_ui.c.obj
 .debug_macro   0x00014b92       0x20 CMakeFiles/Calculator.dir/Core/Src/calculator_ui.c.obj

.debug_line     0x00000000     0x51bc
 .debug_line    0x00000000      0x75f cmake/stm32cubemx/CMakeFiles/STM32_Drivers.dir/__/__/Core/Src/system_stm32f4xx.c.obj
 .debug_line    0x0000075f      0xcab cmake/stm32cubemx/CMakeFiles/STM32_Drivers.dir/__/__/Drivers/STM32F4xx_HAL_Driver/Src/stm32f4xx_hal_cortex.c.obj
 .debug_line    0x0000140a      0x9db cmake/stm32cubemx/CMakeFiles/STM32_Drivers.dir/__/__/Drivers/STM32F4xx_HAL_Driver/Src/stm32f4xx_hal.c.obj
 .debug_line    0x00001de5      0x6d9 CMakeFiles/Calculator.dir/Core/Src/main.c.obj
 .debug_line    0x000024be      0x780 CMakeFiles/Calculator.dir/Core/Src/stm32f4xx_it.c.obj
 .debug_line    0x00002c3e      0x71e CMakeFiles/Calculator.dir/Core/Src/stm32f4xx_hal_msp.c.obj
 .debug_line    0x0000335c       0x7a CMakeFiles/Calculator.dir/startup_stm32f401xe.s.obj
 .debug_line    0x000033d6      0x820 CMakeFiles/Calculator.dir/Core/Src/spi_low.c.obj
 .debug_line    0x00003bf6      0x7ff CMakeFiles/Calculator.dir/Core/Src/ili9341.c.obj
 .debug_line    0x000043f5      0xa06 CMakeFiles/Calculator.dir/Core/Src/calculator_ui.c.obj
 .debug_line    0x00004dfb      0x170 C:/ST/STM32CubeCLT_1.19.0/GNU-tools-for-STM32/bin/../lib/gcc/arm-none-eabi/13.3.1/../../../../arm-none-eabi/lib/thumb/v7e-m+fp/hard\libg_nano.a(libc_a-init.o)
 .debug_line    0x00004f6b      0x202 C:/ST/STM32CubeCLT_1.19.0/GNU-tools-for-STM32/bin/../lib/gcc/arm-none-eabi/13.3.1/../../../../arm-none-eabi/lib/thumb/v7e-m+fp/hard\libg_nano.a(libc_a-memcpy-stub.o)
 .debug_line    0x0000516d       0x4f C:/ST/STM32CubeCLT_1.19.0/GNU-tools-for-STM32/bin/../lib/gcc/arm-none-eabi/13.3.1/../../../../arm-none-eabi/lib/thumb/v7e-m+fp/hard\libg_nano.a(libc_a-strlen.o)

.debug_str      0x00000000    0x8449e
 .debug_str     0x00000000    0x8449e cmake/stm32cubemx/CMakeFiles/STM32_Drivers.dir/__/__/Core/Src/system_stm32f4xx.c.obj
                              0x7f5bd (size before relaxing)
 .debug_str     0x0008449e    0x7fd49 cmake/stm32cubemx/CMakeFiles/STM32_Drivers.dir/__/__/Drivers/STM32F4xx_HAL_Driver/Src/stm32f4xx_hal_cortex.c.obj
 .debug_str     0x0008449e    0x7ffdf cmake/stm32cubemx/CMakeFiles/STM32_Drivers.dir/__/__/Drivers/STM32F4xx_HAL_Driver/Src/stm32f4xx_hal.c.obj
 .debug_str     0x0008449e    0x7f54d CMakeFiles/Calculator.dir/Core/Src/main.c.obj
 .debug_str     0x0008449e    0x7f5a7 CMakeFiles/Calculator.dir/Core/Src/stm32f4xx_it.c.obj
 .debug_str     0x0008449e    0x7fb52 CMakeFiles/Calculator.dir/Core/Src/stm32f4xx_hal_msp.c.obj
 .debug_str     0x0008449e       0x94 CMakeFiles/Calculator.dir/startup_stm32f401xe.s.obj
 .debug_str     0x0008449e    0x7f670 CMakeFiles/Calculator.dir/Core/Src/spi_low.c.obj
 .debug_str     0x0008449e    0x82a08 CMakeFiles/Calculator.dir/Core/Src/ili9341.c.obj
 .debug_str     0x0008449e    0x82bb9 CMakeFiles/Calculator.dir/Core/Src/calculator_ui.c.obj
 .debug_str     0x0008449e      0x272 C:/ST/STM32CubeCLT_1.19.0/GNU-tools-for-STM32/bin/../lib/gcc/arm-none-eabi/13.3.1/../../../../arm-none-eabi/lib/thumb/v7e-m+fp/hard\libg_nano.a(libc_a-init.o)
 .debug_str     0x0008449e      0x22f C:/ST/STM32CubeCLT_1.19.0/GNU-tools-for-STM32/bin/../lib/gcc/arm-none-eabi/13.3.1/../../../../arm-none-eabi/lib/thumb/v7e-m+fp/hard\libg_nano.a(libc_a-memcpy-stub.o)
 .debug_str     0x0008449e       0xf3 C:/ST/STM32CubeCLT_1.19.0/GNU-tools-for-STM32/bin/../lib/gcc/arm-none-eabi/13.3.1/../../../../arm-none-eabi/lib/thumb/v7e-m+fp/hard\libg_nano.a(libc_a-strlen.o)

.debug_frame    0x00000000      0xcd4
 .debug_frame   0x00000000       0x58 cmake/stm32cubemx/CMakeFiles/STM32_Drivers.dir/__/__/Core/Src/system_stm32f4xx.c.obj
 .debug_frame   0x00000058      0x508 cmake/stm32cubemx/CMakeFiles/STM32_Drivers.dir/__/__/Drivers/STM32F4xx_HAL_Driver/Src/stm32f4xx_hal_cortex.c.obj
 .debug_frame   0x00000560      0x374 cmake/stm32cubemx/CMakeFiles/STM32_Drivers.dir/__/__/Drivers/STM32F4xx_HAL_Driver/Src/stm32f4xx_hal.c.obj
 .debug_frame   0x000008d4       0x2c CMakeFiles/Calculator.dir/Core/Src/main.c.obj
 .debug_frame   0x00000900      0x104 CMakeFiles/Calculator.dir/Core/Src/stm32f4xx_it.c.obj
 .debug_frame   0x00000a04       0x80 CMakeFiles/Calculator.dir/Core/Src/stm32f4xx_hal_msp.c.obj
 .debug_frame   0x00000a84       0x80 CMakeFiles/Calculator.dir/Core/Src/spi_low.c.obj
 .debug_frame   0x00000b04       0x9c CMakeFiles/Calculator.dir/Core/Src/ili9341.c.obj
 .debug_frame   0x00000ba0       0xe0 CMakeFiles/Calculator.dir/Core/Src/calculator_ui.c.obj
 .debug_frame   0x00000c80       0x2c C:/ST/STM32CubeCLT_1.19.0/GNU-tools-for-STM32/bin/../lib/gcc/arm-none-eabi/13.3.1/../../../../arm-none-eabi/lib/thumb/v7e-m+fp/hard\libg_nano.a(libc_a-init.o)
 .debug_frame   0x00000cac       0x28 C:/ST/STM32CubeCLT_1.19.0/GNU-tools-for-STM32/bin/../lib/gcc/arm-none-eabi/13.3.1/../../../../arm-none-eabi/lib/thumb/v7e-m+fp/hard\libg_nano.a(libc_a-memcpy-stub.o)

.debug_line_str
                0x00000000      0x156
 .debug_line_str
                0x00000000      0x156 CMakeFiles/Calculator.dir/startup_stm32f401xe.s.obj
                                 0x78 (size before relaxing)
 .debug_line_str
                0x00000156       0xde C:/ST/STM32CubeCLT_1.19.0/GNU-tools-for-STM32/bin/../lib/gcc/arm-none-eabi/13.3.1/../../../../arm-none-eabi/lib/thumb/v7e-m+fp/hard\libg_nano.a(libc_a-strlen.o)

.debug_loclists
                0x00000000       0xf1
 .debug_loclists
                0x00000000       0x44 C:/ST/STM32CubeCLT_1.19.0/GNU-tools-for-STM32/bin/../lib/gcc/arm-none-eabi/13.3.1/../../../../arm-none-eabi/lib/thumb/v7e-m+fp/hard\libg_nano.a(libc_a-init.o)
 .debug_loclists
                0x00000044       0xad C:/ST/STM32CubeCLT_1.19.0/GNU-tools-for-STM32/bin/../lib/gcc/arm-none-eabi/13.3.1/../../../../arm-none-eabi/lib/thumb/v7e-m+fp/hard\libg_nano.a(libc_a-memcpy-stub.o)
